******************************************************************************
                  TI ARM Linker PC v18.12.2                    
******************************************************************************
>> Linked Sun Oct 13 23:24:54 2019

OUTPUT FILE NAME:   <lab12.out>
ENTRY POINT SYMBOL: "_c_int00_noargs"  address: 00000b35


MEMORY CONFIGURATION

         name            origin    length      used     unused   attr    fill
----------------------  --------  ---------  --------  --------  ----  --------
  FLASH                 00000000   00040000  00000e9a  0003f166  R  X
  SRAM                  20000000   00008000  00000074  00007f8c  RW X


SEGMENT ALLOCATION MAP

run origin  load origin   length   init length attrs members
----------  ----------- ---------- ----------- ----- -------
00000000    00000000    00000e9c   00000e9c    r-x
  00000000    00000000    0000026c   0000026c    r-- .intvecs
  0000026c    0000026c    00000aae   00000aae    r-x .text
  00000d1c    00000d1c    0000016c   0000016c    r-- .const
  00000e88    00000e88    00000014   00000014    r-- .cinit
20000000    20000000    00000074   00000000    rw-
  20000000    20000000    00000068   00000000    rw- .stack
  20000068    20000068    0000000c   00000000    rw- .bss


SECTION ALLOCATION MAP

 output                                  attributes/
section   page    origin      length       input sections
--------  ----  ----------  ----------   ----------------
.intvecs   0    00000000    0000026c     
                  00000000    0000026c     tm4c123gh6pm_startup_ccs.obj (.intvecs)

.text      0    0000026c    00000aae     
                  0000026c    00000354     main.obj (.text)
                  000005c0    00000132     driverlib.lib : gpio.obj (.text:GPIOPadConfigSet)
                  000006f2    00000002     --HOLE-- [fill = 0]
                  000006f4    00000110                   : sysctl.obj (.text:SysCtlClockGet)
                  00000804    000000f4                   : sysctl.obj (.text:SysCtlClockSet)
                  000008f8    0000007a                   : adc.obj (.text:ADCSequenceStepConfigure)
                  00000972    00000002     --HOLE-- [fill = 0]
                  00000974    00000068                   : interrupt.obj (.text:IntEnable)
                  000009dc    00000050                   : adc.obj (.text:ADCSequenceConfigure)
                  00000a2c    00000048                   : gpio.obj (.text:GPIOPinConfigure)
                  00000a74    00000046                   : uart.obj (.text:UARTConfigSetExpClk)
                  00000aba    00000002     --HOLE-- [fill = 0]
                  00000abc    00000044     rtsv7M4_T_le_v4SPD16_eabi.lib : autoinit.c.obj (.text:__TI_auto_init_nobinit_nopinit:__TI_auto_init_nobinit_nopinit)
                  00000b00    00000034     driverlib.lib : sysctl.obj (.text:SysCtlPeripheralEnable)
                  00000b34    00000034     rtsv7M4_T_le_v4SPD16_eabi.lib : boot_cortex_m.c.obj (.text:_c_int00_noargs:_c_int00_noargs)
                  00000b68    0000002e     driverlib.lib : adc.obj (.text:ADCIntStatus)
                  00000b96    0000002a                   : gpio.obj (.text:GPIODirModeSet)
                  00000bc0    00000020                   : uart.obj (.text:UARTDisable)
                  00000be0    0000001e                   : adc.obj (.text:ADCSequenceDataGet)
                  00000bfe    0000001c     rtsv7M4_T_le_v4SPD16_eabi.lib : copy_zero_init.c.obj (.text:decompress:ZI:__TI_zero_init_nomemset:__TI_zero_init_nomemset)
                  00000c1a    00000018     driverlib.lib : adc.obj (.text:ADCProcessorTrigger)
                  00000c32    00000018                   : gpio.obj (.text:GPIOPinTypeGPIOOutput)
                  00000c4a    00000014                   : uart.obj (.text:UARTEnable)
                  00000c5e    00000012                   : gpio.obj (.text:GPIOPinTypeUART)
                  00000c70    00000010                   : adc.obj (.text:ADCIntEnable)
                  00000c80    00000010                   : interrupt.obj (.text:IntMasterEnable)
                  00000c90    0000000e                   : adc.obj (.text:ADCHardwareOversampleConfigure)
                  00000c9e    0000000e                   : adc.obj (.text:ADCSequenceEnable)
                  00000cac    0000000e                   : uart.obj (.text:UARTCharsAvail)
                  00000cba    0000000c                   : cpu.obj (.text:CPUcpsie)
                  00000cc6    0000000c     tm4c123gh6pm_startup_ccs.obj (.text)
                  00000cd2    0000000a     driverlib.lib : adc.obj (.text:ADCIntClear)
                  00000cdc    0000000a                   : uart.obj (.text:UARTCharGet)
                  00000ce6    0000000a                   : uart.obj (.text:UARTCharPut)
                  00000cf0    0000000a                   : uart.obj (.text:UARTIntStatus)
                  00000cfa    00000008                   : uart.obj (.text:UARTIntEnable)
                  00000d02    00000006                   : gpio.obj (.text:GPIOPinWrite)
                  00000d08    00000006                   : sysctl.obj (.text:SysCtlDelay)
                  00000d0e    00000004                   : uart.obj (.text:UARTIntClear)
                  00000d12    00000004     rtsv7M4_T_le_v4SPD16_eabi.lib : pre_init.c.obj (.text:_system_pre_init)
                  00000d16    00000004                                   : exit.c.obj (.text:abort:abort)

.const     0    00000d1c    0000016c     
                  00000d1c    00000090     driverlib.lib : gpio.obj (.const:g_pui32GPIOBaseAddrs)
                  00000dac    00000070                   : interrupt.obj (.const)
                  00000e1c    0000006c                   : sysctl.obj (.const:g_pui32Xtals)

.cinit     0    00000e88    00000014     
                  00000e88    00000008     (.cinit..bss.load) [load image, compression = zero_init]
                  00000e90    00000004     (__TI_handler_table)
                  00000e94    00000008     (__TI_cinit_table)

.init_array 
*          0    00000000    00000000     UNINITIALIZED

.bss       0    20000068    0000000c     UNINITIALIZED
                  20000068    00000004     (.common:ui32ADC0Value)
                  2000006c    00000004     (.common:ui32TempValueC)
                  20000070    00000004     (.common:ui32TempValueF)

.stack     0    20000000    00000068     UNINITIALIZED
                  20000000    00000004     rtsv7M4_T_le_v4SPD16_eabi.lib : boot_cortex_m.c.obj (.stack)
                  20000004    00000064     --HOLE--

MODULE SUMMARY

       Module                         code   ro data   rw data
       ------                         ----   -------   -------
    .\
       main.obj                       852    0         12     
       tm4c123gh6pm_startup_ccs.obj   12     620       0      
    +--+------------------------------+------+---------+---------+
       Total:                         864    620       12     
                                                              
    C:/ti/tivaware_c_series_2_1_4_178/driverlib/ccs/Debug/driverlib.lib
       sysctl.obj                     574    108       0      
       gpio.obj                       468    144       0      
       adc.obj                        356    0         0      
       interrupt.obj                  120    112       0      
       uart.obj                       178    0         0      
       cpu.obj                        12     0         0      
    +--+------------------------------+------+---------+---------+
       Total:                         1708   364       0      
                                                              
    C:\ti\ccs910\ccs\tools\compiler\ti-cgt-arm_18.12.2.LTS\lib\rtsv7M4_T_le_v4SPD16_eabi.lib
       autoinit.c.obj                 68     0         0      
       boot_cortex_m.c.obj            52     0         0      
       copy_zero_init.c.obj           28     0         0      
       exit.c.obj                     4      0         0      
       pre_init.c.obj                 4      0         0      
    +--+------------------------------+------+---------+---------+
       Total:                         156    0         0      
                                                              
       Stack:                         0      0         104    
       Linker Generated:              0      20        0      
    +--+------------------------------+------+---------+---------+
       Grand Total:                   2728   1004      116    


LINKER GENERATED COPY TABLES

__TI_cinit_table @ 00000e94 records: 1, size/record: 8, table size: 8
	.bss: load addr=00000e88, load size=00000008 bytes, run addr=20000068, run size=0000000c bytes, compression=zero_init


LINKER GENERATED HANDLER TABLE

__TI_handler_table @ 00000e90 records: 1, size/record: 4, table size: 4
	index: 0, handler: __TI_zero_init


GLOBAL SYMBOLS: SORTED ALPHABETICALLY BY Name 

address   name                          
-------   ----                          
00000c91  ADCHardwareOversampleConfigure
00000cd3  ADCIntClear                   
00000c71  ADCIntEnable                  
00000b69  ADCIntStatus                  
00000c1b  ADCProcessorTrigger           
000009dd  ADCSequenceConfigure          
00000be1  ADCSequenceDataGet            
00000c9f  ADCSequenceEnable             
000008f9  ADCSequenceStepConfigure      
00000d17  C$$EXIT                       
00000cbb  CPUcpsie                      
00000b97  GPIODirModeSet                
000005c1  GPIOPadConfigSet              
00000a2d  GPIOPinConfigure              
00000c33  GPIOPinTypeGPIOOutput         
00000c5f  GPIOPinTypeUART               
00000d03  GPIOPinWrite                  
00000975  IntEnable                     
00000c81  IntMasterEnable               
00000cc7  ResetISR                      
000006f5  SysCtlClockGet                
00000805  SysCtlClockSet                
00000d09  SysCtlDelay                   
00000b01  SysCtlPeripheralEnable        
00000cdd  UARTCharGet                   
00000ce7  UARTCharPut                   
00000cad  UARTCharsAvail                
00000a75  UARTConfigSetExpClk           
00000bc1  UARTDisable                   
00000c4b  UARTEnable                    
00000d0f  UARTIntClear                  
00000cfb  UARTIntEnable                 
000002c5  UARTIntHandler                
00000cf1  UARTIntStatus                 
00000279  UartIntToChar                 
00000295  UartTransmit                  
20000068  __STACK_END                   
00000068  __STACK_SIZE                  
20000200  __STACK_TOP                   
00000e94  __TI_CINIT_Base               
00000e9c  __TI_CINIT_Limit              
00000e90  __TI_Handler_Table_Base       
00000e94  __TI_Handler_Table_Limit      
00000abd  __TI_auto_init_nobinit_nopinit
ffffffff  __TI_pprof_out_hndl           
ffffffff  __TI_prof_data_size           
ffffffff  __TI_prof_data_start          
00000000  __TI_static_base__            
00000bff  __TI_zero_init_nomemset       
ffffffff  __binit__                     
ffffffff  __c_args__                    
UNDEFED   __mpu_init                    
20000000  __stack                       
00000b35  _c_int00_noargs               
UNDEFED   _system_post_cinit            
00000d13  _system_pre_init              
00000d17  abort                         
ffffffff  binit                         
00000000  g_pfnVectors                  
000004a3  main                          
20000068  ui32ADC0Value                 
2000006c  ui32TempValueC                
20000070  ui32TempValueF                
0000026d  void__error__                 


GLOBAL SYMBOLS: SORTED BY Symbol Address 

address   name                          
-------   ----                          
00000000  __TI_static_base__            
00000000  g_pfnVectors                  
00000068  __STACK_SIZE                  
0000026d  void__error__                 
00000279  UartIntToChar                 
00000295  UartTransmit                  
000002c5  UARTIntHandler                
000004a3  main                          
000005c1  GPIOPadConfigSet              
000006f5  SysCtlClockGet                
00000805  SysCtlClockSet                
000008f9  ADCSequenceStepConfigure      
00000975  IntEnable                     
000009dd  ADCSequenceConfigure          
00000a2d  GPIOPinConfigure              
00000a75  UARTConfigSetExpClk           
00000abd  __TI_auto_init_nobinit_nopinit
00000b01  SysCtlPeripheralEnable        
00000b35  _c_int00_noargs               
00000b69  ADCIntStatus                  
00000b97  GPIODirModeSet                
00000bc1  UARTDisable                   
00000be1  ADCSequenceDataGet            
00000bff  __TI_zero_init_nomemset       
00000c1b  ADCProcessorTrigger           
00000c33  GPIOPinTypeGPIOOutput         
00000c4b  UARTEnable                    
00000c5f  GPIOPinTypeUART               
00000c71  ADCIntEnable                  
00000c81  IntMasterEnable               
00000c91  ADCHardwareOversampleConfigure
00000c9f  ADCSequenceEnable             
00000cad  UARTCharsAvail                
00000cbb  CPUcpsie                      
00000cc7  ResetISR                      
00000cd3  ADCIntClear                   
00000cdd  UARTCharGet                   
00000ce7  UARTCharPut                   
00000cf1  UARTIntStatus                 
00000cfb  UARTIntEnable                 
00000d03  GPIOPinWrite                  
00000d09  SysCtlDelay                   
00000d0f  UARTIntClear                  
00000d13  _system_pre_init              
00000d17  C$$EXIT                       
00000d17  abort                         
00000e90  __TI_Handler_Table_Base       
00000e94  __TI_CINIT_Base               
00000e94  __TI_Handler_Table_Limit      
00000e9c  __TI_CINIT_Limit              
20000000  __stack                       
20000068  __STACK_END                   
20000068  ui32ADC0Value                 
2000006c  ui32TempValueC                
20000070  ui32TempValueF                
20000200  __STACK_TOP                   
ffffffff  __TI_pprof_out_hndl           
ffffffff  __TI_prof_data_size           
ffffffff  __TI_prof_data_start          
ffffffff  __binit__                     
ffffffff  __c_args__                    
ffffffff  binit                         
UNDEFED   __mpu_init                    
UNDEFED   _system_post_cinit            

[64 symbols]
