******************************************************************************
                  TI ARM Linker PC v18.12.3                    
******************************************************************************
>> Linked Mon Sep 23 18:16:20 2019

OUTPUT FILE NAME:   <lab3.out>
ENTRY POINT SYMBOL: "_c_int00_noinit_noargs"  address: 0000062d


MEMORY CONFIGURATION

         name            origin    length      used     unused   attr    fill
----------------------  --------  ---------  --------  --------  ----  --------
  FLASH                 00000000   00040000  000006ba  0003f946  R  X
  SRAM                  20000000   00008000  00000200  00007e00  RW X


SEGMENT ALLOCATION MAP

run origin  load origin   length   init length attrs members
----------  ----------- ---------- ----------- ----- -------
00000000    00000000    000006ba   000006ba    r-x
  00000000    00000000    0000026c   0000026c    r-- .intvecs
  0000026c    0000026c    0000044e   0000044e    r-x .text
20000000    20000000    00000200   00000000    rw-
  20000000    20000000    00000200   00000000    rw- .stack


SECTION ALLOCATION MAP

 output                                  attributes/
section   page    origin      length       input sections
--------  ----  ----------  ----------   ----------------
.intvecs   0    00000000    0000026c     
                  00000000    0000026c     tm4c123gh6pm_startup_ccs.obj (.intvecs)

.text      0    0000026c    0000044e     
                  0000026c    00000164     main.obj (.text)
                  000003d0    00000132     driverlib.lib : gpio.obj (.text:GPIOPadConfigSet)
                  00000502    00000002     --HOLE-- [fill = 0]
                  00000504    000000f4                   : sysctl.obj (.text:SysCtlClockSet)
                  000005f8    00000034                   : sysctl.obj (.text:SysCtlPeripheralEnable)
                  0000062c    0000002c     rtsv7M4_T_le_v4SPD16_eabi.lib : boot_cortex_m.c.obj (.text:_c_int00_noinit_noargs:_c_int00_noinit_noargs)
                  00000658    0000002a     driverlib.lib : gpio.obj (.text:GPIODirModeSet)
                  00000682    00000018                   : gpio.obj (.text:GPIOPinTypeGPIOOutput)
                  0000069a    0000000c     tm4c123gh6pm_startup_ccs.obj (.text)
                  000006a6    00000006     driverlib.lib : gpio.obj (.text:GPIOPinWrite)
                  000006ac    00000006                   : sysctl.obj (.text:SysCtlDelay)
                  000006b2    00000004     rtsv7M4_T_le_v4SPD16_eabi.lib : pre_init.c.obj (.text:_system_pre_init)
                  000006b6    00000004                                   : exit.c.obj (.text:abort:abort)

.cinit     0    00000000    00000000     UNINITIALIZED

.init_array 
*          0    00000000    00000000     UNINITIALIZED

.stack     0    20000000    00000200     UNINITIALIZED
                  20000000    00000004     rtsv7M4_T_le_v4SPD16_eabi.lib : boot_cortex_m.c.obj (.stack)
                  20000004    000001fc     --HOLE--

MODULE SUMMARY

       Module                         code   ro data   rw data
       ------                         ----   -------   -------
    .\
       tm4c123gh6pm_startup_ccs.obj   12     620       0      
       main.obj                       356    0         0      
    +--+------------------------------+------+---------+---------+
       Total:                         368    620       0      
                                                              
    C:/ti/tivaware_c_series_2_1_4_178/driverlib/ccs/Debug/driverlib.lib
       gpio.obj                       378    0         0      
       sysctl.obj                     302    0         0      
    +--+------------------------------+------+---------+---------+
       Total:                         680    0         0      
                                                              
    C:\ti\ccs910\ccs\tools\compiler\ti-cgt-arm_18.12.3.LTS\lib\rtsv7M4_T_le_v4SPD16_eabi.lib
       boot_cortex_m.c.obj            44     0         0      
       exit.c.obj                     4      0         0      
       pre_init.c.obj                 4      0         0      
    +--+------------------------------+------+---------+---------+
       Total:                         52     0         0      
                                                              
       Stack:                         0      0         512    
    +--+------------------------------+------+---------+---------+
       Grand Total:                   1100   620       512    


GLOBAL SYMBOLS: SORTED ALPHABETICALLY BY Name 

address   name                  
-------   ----                  
000006b7  C$$EXIT               
00000659  GPIODirModeSet        
000003d1  GPIOPadConfigSet      
00000683  GPIOPinTypeGPIOOutput 
000006a7  GPIOPinWrite          
0000069b  ResetISR              
00000505  SysCtlClockSet        
000006ad  SysCtlDelay           
000005f9  SysCtlPeripheralEnable
20000200  __STACK_END           
00000200  __STACK_SIZE          
20000200  __STACK_TOP           
ffffffff  __TI_pprof_out_hndl   
ffffffff  __TI_prof_data_size   
ffffffff  __TI_prof_data_start  
00000000  __TI_static_base__    
ffffffff  __binit__             
ffffffff  __c_args__            
UNDEFED   __mpu_init            
20000000  __stack               
0000062d  _c_int00_noinit_noargs
000006b3  _system_pre_init      
000006b7  abort                 
ffffffff  binit                 
00000000  g_pfnVectors          
0000026d  main                  


GLOBAL SYMBOLS: SORTED BY Symbol Address 

address   name                  
-------   ----                  
00000000  __TI_static_base__    
00000000  g_pfnVectors          
00000200  __STACK_SIZE          
0000026d  main                  
000003d1  GPIOPadConfigSet      
00000505  SysCtlClockSet        
000005f9  SysCtlPeripheralEnable
0000062d  _c_int00_noinit_noargs
00000659  GPIODirModeSet        
00000683  GPIOPinTypeGPIOOutput 
0000069b  ResetISR              
000006a7  GPIOPinWrite          
000006ad  SysCtlDelay           
000006b3  _system_pre_init      
000006b7  C$$EXIT               
000006b7  abort                 
20000000  __stack               
20000200  __STACK_END           
20000200  __STACK_TOP           
ffffffff  __TI_pprof_out_hndl   
ffffffff  __TI_prof_data_size   
ffffffff  __TI_prof_data_start  
ffffffff  __binit__             
ffffffff  __c_args__            
ffffffff  binit                 
UNDEFED   __mpu_init            

[26 symbols]
