******************************************************************************
                  TI ARM Linker PC v18.12.2                    
******************************************************************************
>> Linked Sun Oct 27 00:30:46 2019

OUTPUT FILE NAME:   <Midterm.out>
ENTRY POINT SYMBOL: "_c_int00_noargs"  address: 000024e9


MEMORY CONFIGURATION

         name            origin    length      used     unused   attr    fill
----------------------  --------  ---------  --------  --------  ----  --------
  FLASH                 00000000   00040000  000028ce  0003d732  R  X
  SRAM                  20000000   00008000  0000032a  00007cd6  RW X


SEGMENT ALLOCATION MAP

run origin  load origin   length   init length attrs members
----------  ----------- ---------- ----------- ----- -------
00000000    00000000    000028d0   000028d0    r-x
  00000000    00000000    0000026c   0000026c    r-- .intvecs
  0000026c    0000026c    00002442   00002442    r-x .text
  000026b0    000026b0    000001f0   000001f0    r-- .const
  000028a0    000028a0    00000030   00000030    r-- .cinit
20000000    20000000    0000032d   00000000    rw-
  20000000    20000000    00000200   00000000    rw- .stack
  20000200    20000200    00000125   00000000    rw- .bss
  20000328    20000328    00000005   00000000    rw- .data


SECTION ALLOCATION MAP

 output                                  attributes/
section   page    origin      length       input sections
--------  ----  ----------  ----------   ----------------
.intvecs   0    00000000    0000026c     
                  00000000    0000026c     tm4c123gh6pm_startup_ccs.obj (.intvecs)

.text      0    0000026c    00002442     
                  0000026c    00000728     main.obj (.text)
                  00000994    0000049c     uartstdio.obj (.text)
                  00000e30    000001b6     rtsv7M4_T_le_v4SPD16_eabi.lib : fd_add_t2.asm.obj (.text)
                  00000fe6    00000002                                   : div0.asm.obj (.text)
                  00000fe8    00000158                                   : e_atan2f.c.obj (.text:atan2f)
                  00001140    00000150                                   : s_atanf.c.obj (.text:atanf)
                  00001290    00000136                                   : fd_div_t2.asm.obj (.text)
                  000013c6    00000132     driverlib.lib : gpio.obj (.text:GPIOPadConfigSet)
                  000014f8    00000110                   : sysctl.obj (.text:SysCtlClockGet)
                  00001608    000000fc     rtsv7M4_T_le_v4SPD16_eabi.lib : fd_mul_t2.asm.obj (.text)
                  00001704    000000f4     driverlib.lib : sysctl.obj (.text:SysCtlClockSet)
                  000017f8    000000f2     sensorlib.lib : i2cm_drv.obj (.text:I2CMIntHandler)
                  000018ea    00000002     --HOLE-- [fill = 0]
                  000018ec    000000f0                   : mpu6050.obj (.text:MPU6050Callback)
                  000019dc    0000009c     rtsv7M4_T_le_v4SPD16_eabi.lib : memcpy_t2.asm.obj (.text)
                  00001a78    00000098     sensorlib.lib : i2cm_drv.obj (.text:I2CMStateIdle)
                  00001b10    00000088                   : i2cm_drv.obj (.text:I2CMCommand)
                  00001b98    00000078                   : i2cm_drv.obj (.text:I2CMReadModifyWrite8)
                  00001c10    00000070                   : mpu6050.obj (.text:MPU6050DataAccelGetFloat)
                  00001c80    00000070                   : mpu6050.obj (.text:MPU6050DataGyroGetFloat)
                  00001cf0    0000006e     rtsv7M4_T_le_v4SPD16_eabi.lib : fd_tos_t2.asm.obj (.text)
                  00001d5e    00000002     --HOLE-- [fill = 0]
                  00001d60    00000068     driverlib.lib : interrupt.obj (.text:IntDisable)
                  00001dc8    00000068                   : interrupt.obj (.text:IntEnable)
                  00001e30    00000068     rtsv7M4_T_le_v4SPD16_eabi.lib : copy_decompress_lzss.c.obj (.text:decompress:lzss:__TI_decompress_lzss)
                  00001e98    00000064     driverlib.lib : interrupt.obj (.text:IntIsEnabled)
                  00001efc    00000060     sensorlib.lib : i2cm_drv.obj (.text:I2CMReadModifyWrite8Callback)
                  00001f5c    0000005e                   : i2cm_drv.obj (.text:I2CMStateWritePause)
                  00001fba    00000002     --HOLE-- [fill = 0]
                  00001fbc    0000005c                   : mpu6050.obj (.text:MPU6050Init)
                  00002018    00000054                   : mpu6050.obj (.text:MPU6050DataRead)
                  0000206c    00000050                   : i2cm_drv.obj (.text:I2CMStateWriteFinal)
                  000020bc    00000050     driverlib.lib : sysctl.obj (.text:SysCtlPeripheralReset)
                  0000210c    0000004c                   : i2c.obj (.text:I2CMasterInitExpClk)
                  00002158    0000004c     sensorlib.lib : mpu6050.obj (.text:MPU6050ReadModifyWrite)
                  000021a4    0000004a                   : i2cm_drv.obj (.text:I2CMStateReadNext)
                  000021ee    00000002     --HOLE-- [fill = 0]
                  000021f0    00000048     driverlib.lib : gpio.obj (.text:GPIOPinConfigure)
                  00002238    00000048     sensorlib.lib : i2cm_drv.obj (.text:I2CMStateWriteNext)
                  00002280    00000046     driverlib.lib : uart.obj (.text:UARTConfigSetExpClk)
                  000022c6    00000044     sensorlib.lib : i2cm_drv.obj (.text:I2CMStateCallback)
                  0000230a    00000002     --HOLE-- [fill = 0]
                  0000230c    00000044     rtsv7M4_T_le_v4SPD16_eabi.lib : autoinit.c.obj (.text:__TI_auto_init_nobinit_nopinit:__TI_auto_init_nobinit_nopinit)
                  00002350    00000042     sensorlib.lib : i2cm_drv.obj (.text:I2CMStateReadFinal)
                  00002392    00000040     rtsv7M4_T_le_v4SPD16_eabi.lib : u_divt2.asm.obj (.text)
                  000023d2    0000003e     sensorlib.lib : i2cm_drv.obj (.text:I2CMStateReadPause)
                  00002410    00000038     driverlib.lib : sysctl.obj (.text:SysCtlPeripheralPresent)
                  00002448    00000038     rtsv7M4_T_le_v4SPD16_eabi.lib : fs_tod_t2.asm.obj (.text)
                  00002480    00000034     sensorlib.lib : i2cm_drv.obj (.text:I2CMInit)
                  000024b4    00000034     driverlib.lib : sysctl.obj (.text:SysCtlPeripheralEnable)
                  000024e8    00000034     rtsv7M4_T_le_v4SPD16_eabi.lib : boot_cortex_m.c.obj (.text:_c_int00_noargs:_c_int00_noargs)
                  0000251c    0000002a     driverlib.lib : gpio.obj (.text:GPIODirModeSet)
                  00002546    0000002a     sensorlib.lib : i2cm_drv.obj (.text:I2CMStateReadFirst)
                  00002570    00000020                   : i2cm_drv.obj (.text:I2CMStateReadOne)
                  00002590    00000020     driverlib.lib : uart.obj (.text:UARTDisable)
                  000025b0    0000001c     rtsv7M4_T_le_v4SPD16_eabi.lib : copy_zero_init.c.obj (.text:decompress:ZI:__TI_zero_init_nomemset:__TI_zero_init_nomemset)
                  000025cc    0000001a     sensorlib.lib : i2cm_drv.obj (.text:I2CMStateReadWait)
                  000025e6    00000014     driverlib.lib : uart.obj (.text:UARTEnable)
                  000025fa    00000012                   : gpio.obj (.text:GPIOPinTypeI2C)
                  0000260c    00000012                   : gpio.obj (.text:GPIOPinTypeI2CSCL)
                  0000261e    00000012                   : gpio.obj (.text:GPIOPinTypeUART)
                  00002630    0000000e     rtsv7M4_T_le_v4SPD16_eabi.lib : copy_decompress_none.c.obj (.text:decompress:none:__TI_decompress_none)
                  0000263e    00000002     --HOLE-- [fill = 0]
                  00002640    0000000c     driverlib.lib : interrupt.obj (.text:IntTrigger)
                  0000264c    0000000c     tm4c123gh6pm_startup_ccs.obj (.text)
                  00002658    0000000a     driverlib.lib : i2c.obj (.text:I2CMasterEnable)
                  00002662    0000000a                   : uart.obj (.text:UARTCharGet)
                  0000266c    0000000a                   : uart.obj (.text:UARTCharPut)
                  00002676    00000008                   : i2c.obj (.text:I2CMasterIntClear)
                  0000267e    00000008                   : i2c.obj (.text:I2CMasterIntEnableEx)
                  00002686    00000008                   : i2c.obj (.text:I2CMasterSlaveAddrSet)
                  0000268e    00000006                   : sysctl.obj (.text:SysCtlDelay)
                  00002694    00000006                   : uart.obj (.text:UARTClockSourceSet)
                  0000269a    00000004                   : i2c.obj (.text:I2CMasterControl)
                  0000269e    00000004                   : i2c.obj (.text:I2CMasterDataGet)
                  000026a2    00000004                   : i2c.obj (.text:I2CMasterDataPut)
                  000026a6    00000004     rtsv7M4_T_le_v4SPD16_eabi.lib : pre_init.c.obj (.text:_system_pre_init)
                  000026aa    00000004                                   : exit.c.obj (.text:abort:abort)

.const     0    000026b0    000001f0     
                  000026b0    00000090     driverlib.lib : gpio.obj (.const:g_pui32GPIOBaseAddrs)
                  00002740    00000070                   : interrupt.obj (.const)
                  000027b0    0000006c                   : sysctl.obj (.const:g_pui32Xtals)
                  0000281c    00000034     rtsv7M4_T_le_v4SPD16_eabi.lib : s_atanf.c.obj (.const:$O1$$)
                  00002850    00000020     sensorlib.lib : mpu6050.obj (.const)
                  00002870    00000012     uartstdio.obj (.const:.string)
                  00002882    00000002     --HOLE-- [fill = 0]
                  00002884    0000000c     uartstdio.obj (.const:g_ui32UARTBase)
                  00002890    0000000c     uartstdio.obj (.const:g_ui32UARTPeriph)
                  0000289c    00000004     uartstdio.obj (.const)

.cinit     0    000028a0    00000030     
                  000028a0    0000000c     (__TI_handler_table)
                  000028ac    00000004     --HOLE-- [fill = 0]
                  000028b0    00000008     (.cinit..bss.load) [load image, compression = zero_init]
                  000028b8    00000007     (.cinit..data.load) [load image, compression = lzss]
                  000028bf    00000001     --HOLE-- [fill = 0]
                  000028c0    00000010     (__TI_cinit_table)

.init_array 
*          0    00000000    00000000     UNINITIALIZED

.bss       0    20000200    00000125     UNINITIALIZED
                  20000200    00000124     (.common:g_sI2CMSimpleInst)
                  20000324    00000001     (.common:g_bMPU6050Done)

.data      0    20000328    00000005     UNINITIALIZED
                  20000328    00000005     uartstdio.obj (.data)

.stack     0    20000000    00000200     UNINITIALIZED
                  20000000    00000004     rtsv7M4_T_le_v4SPD16_eabi.lib : boot_cortex_m.c.obj (.stack)
                  20000004    000001fc     --HOLE--

MODULE SUMMARY

       Module                         code   ro data   rw data
       ------                         ----   -------   -------
    .\
       main.obj                       1832   0         293    
       uartstdio.obj                  1180   46        5      
       tm4c123gh6pm_startup_ccs.obj   12     620       0      
    +--+------------------------------+------+---------+---------+
       Total:                         3024   666       298    
                                                              
    C:/ti/tivaware_c_series_2_1_4_178/driverlib/ccs/Debug/driverlib.lib
       sysctl.obj                     710    108       0      
       gpio.obj                       474    144       0      
       interrupt.obj                  320    112       0      
       uart.obj                       148    0         0      
       i2c.obj                        122    0         0      
    +--+------------------------------+------+---------+---------+
       Total:                         1774   364       0      
                                                              
    C:/ti/tivaware_c_series_2_1_4_178/sensorlib/ccs/Debug/sensorlib.lib
       i2cm_drv.obj                   1414   0         0      
       mpu6050.obj                    716    32        0      
    +--+------------------------------+------+---------+---------+
       Total:                         2130   32        0      
                                                              
    C:\ti\ccs910\ccs\tools\compiler\ti-cgt-arm_18.12.2.LTS\lib\rtsv7M4_T_le_v4SPD16_eabi.lib
       fd_add_t2.asm.obj              438    0         0      
       s_atanf.c.obj                  336    52        0      
       e_atan2f.c.obj                 344    0         0      
       fd_div_t2.asm.obj              310    0         0      
       fd_mul_t2.asm.obj              252    0         0      
       memcpy_t2.asm.obj              156    0         0      
       fd_tos_t2.asm.obj              110    0         0      
       copy_decompress_lzss.c.obj     104    0         0      
       autoinit.c.obj                 68     0         0      
       u_divt2.asm.obj                64     0         0      
       fs_tod_t2.asm.obj              56     0         0      
       boot_cortex_m.c.obj            52     0         0      
       copy_zero_init.c.obj           28     0         0      
       copy_decompress_none.c.obj     14     0         0      
       exit.c.obj                     4      0         0      
       pre_init.c.obj                 4      0         0      
       div0.asm.obj                   2      0         0      
    +--+------------------------------+------+---------+---------+
       Total:                         2342   52        0      
                                                              
       Stack:                         0      0         512    
       Linker Generated:              0      43        0      
    +--+------------------------------+------+---------+---------+
       Grand Total:                   9270   1157      810    


LINKER GENERATED COPY TABLES

__TI_cinit_table @ 000028c0 records: 2, size/record: 8, table size: 16
	.bss: load addr=000028b0, load size=00000008 bytes, run addr=20000200, run size=00000125 bytes, compression=zero_init
	.data: load addr=000028b8, load size=00000007 bytes, run addr=20000328, run size=00000005 bytes, compression=lzss


LINKER GENERATED HANDLER TABLE

__TI_handler_table @ 000028a0 records: 3, size/record: 4, table size: 12
	index: 0, handler: __TI_decompress_lzss
	index: 1, handler: __TI_decompress_none
	index: 2, handler: __TI_zero_init


GLOBAL SYMBOLS: SORTED ALPHABETICALLY BY Name 

address   name                          
-------   ----                          
000026ab  C$$EXIT                       
0000026d  ComplementaryFilter           
00000455  ConfigureUART                 
0000251d  GPIODirModeSet                
000013c7  GPIOPadConfigSet              
000021f1  GPIOPinConfigure              
000025fb  GPIOPinTypeI2C                
0000260d  GPIOPinTypeI2CSCL             
0000261f  GPIOPinTypeUART               
00001b11  I2CMCommand                   
00002481  I2CMInit                      
000017f9  I2CMIntHandler                
00001b99  I2CMReadModifyWrite8          
000004ff  I2CMSimpleIntHandler          
0000269b  I2CMasterControl              
0000269f  I2CMasterDataGet              
000026a3  I2CMasterDataPut              
00002659  I2CMasterEnable               
0000210d  I2CMasterInitExpClk           
00002677  I2CMasterIntClear             
0000267f  I2CMasterIntEnableEx          
00002687  I2CMasterSlaveAddrSet         
000004a3  InitI2C0                      
00001d61  IntDisable                    
00001dc9  IntEnable                     
00001e99  IntIsEnabled                  
00002641  IntTrigger                    
00000491  MPU6050Callback               
00001c11  MPU6050DataAccelGetFloat      
00001c81  MPU6050DataGyroGetFloat       
00002019  MPU6050DataRead               
00001fbd  MPU6050Init                   
00002159  MPU6050ReadModifyWrite        
0000264d  ResetISR                      
000014f9  SysCtlClockGet                
00001705  SysCtlClockSet                
0000268f  SysCtlDelay                   
000024b5  SysCtlPeripheralEnable        
00002411  SysCtlPeripheralPresent       
000020bd  SysCtlPeripheralReset         
00002663  UARTCharGet                   
0000266d  UARTCharPut                   
00002695  UARTClockSourceSet            
00002281  UARTConfigSetExpClk           
00002591  UARTDisable                   
000025e7  UARTEnable                    
00000995  UARTStdioConfig               
00000adb  UARTgetc                      
00000a21  UARTgets                      
00000dfb  UARTprintf                    
00000b01  UARTvprintf                   
000009db  UARTwrite                     
20000200  __STACK_END                   
00000200  __STACK_SIZE                  
20000200  __STACK_TOP                   
000028c0  __TI_CINIT_Base               
000028d0  __TI_CINIT_Limit              
000028a0  __TI_Handler_Table_Base       
000028ac  __TI_Handler_Table_Limit      
0000230d  __TI_auto_init_nobinit_nopinit
00001e31  __TI_decompress_lzss          
00002631  __TI_decompress_none          
ffffffff  __TI_pprof_out_hndl           
ffffffff  __TI_prof_data_size           
ffffffff  __TI_prof_data_start          
00000000  __TI_static_base__            
000025b1  __TI_zero_init_nomemset       
00001cf1  __aeabi_d2f                   
00000e3b  __aeabi_dadd                  
00001291  __aeabi_ddiv                  
00001609  __aeabi_dmul                  
00000e31  __aeabi_dsub                  
00002449  __aeabi_f2d                   
00000fe7  __aeabi_idiv0                 
00000fe7  __aeabi_ldiv0                 
000019dd  __aeabi_memcpy                
000019dd  __aeabi_memcpy4               
000019dd  __aeabi_memcpy8               
00002393  __aeabi_uidiv                 
00002393  __aeabi_uidivmod              
ffffffff  __binit__                     
ffffffff  __c_args__                    
UNDEFED   __mpu_init                    
20000000  __stack                       
000024e9  _c_int00_noargs               
UNDEFED   _system_post_cinit            
000026a7  _system_pre_init              
000026ab  abort                         
00000fe9  atan2f                        
00001141  atanf                         
ffffffff  binit                         
00000509  delayMS                       
20000324  g_bMPU6050Done                
00000000  g_pfnVectors                  
20000200  g_sI2CMSimpleInst             
00000581  main                          
000019dd  memcpy                        


GLOBAL SYMBOLS: SORTED BY Symbol Address 

address   name                          
-------   ----                          
00000000  __TI_static_base__            
00000000  g_pfnVectors                  
00000200  __STACK_SIZE                  
0000026d  ComplementaryFilter           
00000455  ConfigureUART                 
00000491  MPU6050Callback               
000004a3  InitI2C0                      
000004ff  I2CMSimpleIntHandler          
00000509  delayMS                       
00000581  main                          
00000995  UARTStdioConfig               
000009db  UARTwrite                     
00000a21  UARTgets                      
00000adb  UARTgetc                      
00000b01  UARTvprintf                   
00000dfb  UARTprintf                    
00000e31  __aeabi_dsub                  
00000e3b  __aeabi_dadd                  
00000fe7  __aeabi_idiv0                 
00000fe7  __aeabi_ldiv0                 
00000fe9  atan2f                        
00001141  atanf                         
00001291  __aeabi_ddiv                  
000013c7  GPIOPadConfigSet              
000014f9  SysCtlClockGet                
00001609  __aeabi_dmul                  
00001705  SysCtlClockSet                
000017f9  I2CMIntHandler                
000019dd  __aeabi_memcpy                
000019dd  __aeabi_memcpy4               
000019dd  __aeabi_memcpy8               
000019dd  memcpy                        
00001b11  I2CMCommand                   
00001b99  I2CMReadModifyWrite8          
00001c11  MPU6050DataAccelGetFloat      
00001c81  MPU6050DataGyroGetFloat       
00001cf1  __aeabi_d2f                   
00001d61  IntDisable                    
00001dc9  IntEnable                     
00001e31  __TI_decompress_lzss          
00001e99  IntIsEnabled                  
00001fbd  MPU6050Init                   
00002019  MPU6050DataRead               
000020bd  SysCtlPeripheralReset         
0000210d  I2CMasterInitExpClk           
00002159  MPU6050ReadModifyWrite        
000021f1  GPIOPinConfigure              
00002281  UARTConfigSetExpClk           
0000230d  __TI_auto_init_nobinit_nopinit
00002393  __aeabi_uidiv                 
00002393  __aeabi_uidivmod              
00002411  SysCtlPeripheralPresent       
00002449  __aeabi_f2d                   
00002481  I2CMInit                      
000024b5  SysCtlPeripheralEnable        
000024e9  _c_int00_noargs               
0000251d  GPIODirModeSet                
00002591  UARTDisable                   
000025b1  __TI_zero_init_nomemset       
000025e7  UARTEnable                    
000025fb  GPIOPinTypeI2C                
0000260d  GPIOPinTypeI2CSCL             
0000261f  GPIOPinTypeUART               
00002631  __TI_decompress_none          
00002641  IntTrigger                    
0000264d  ResetISR                      
00002659  I2CMasterEnable               
00002663  UARTCharGet                   
0000266d  UARTCharPut                   
00002677  I2CMasterIntClear             
0000267f  I2CMasterIntEnableEx          
00002687  I2CMasterSlaveAddrSet         
0000268f  SysCtlDelay                   
00002695  UARTClockSourceSet            
0000269b  I2CMasterControl              
0000269f  I2CMasterDataGet              
000026a3  I2CMasterDataPut              
000026a7  _system_pre_init              
000026ab  C$$EXIT                       
000026ab  abort                         
000028a0  __TI_Handler_Table_Base       
000028ac  __TI_Handler_Table_Limit      
000028c0  __TI_CINIT_Base               
000028d0  __TI_CINIT_Limit              
20000000  __stack                       
20000200  __STACK_END                   
20000200  __STACK_TOP                   
20000200  g_sI2CMSimpleInst             
20000324  g_bMPU6050Done                
ffffffff  __TI_pprof_out_hndl           
ffffffff  __TI_prof_data_size           
ffffffff  __TI_prof_data_start          
ffffffff  __binit__                     
ffffffff  __c_args__                    
ffffffff  binit                         
UNDEFED   __mpu_init                    
UNDEFED   _system_post_cinit            

[97 symbols]
