******************************************************************************
                  TI ARM Linker PC v18.12.2                    
******************************************************************************
>> Linked Sat Sep 28 23:39:46 2019

OUTPUT FILE NAME:   <lab4.out>
ENTRY POINT SYMBOL: "_c_int00_noinit_noargs"  address: 000009b5


MEMORY CONFIGURATION

         name            origin    length      used     unused   attr    fill
----------------------  --------  ---------  --------  --------  ----  --------
  FLASH                 00000000   00040000  00000bb0  0003f450  R  X
  SRAM                  20000000   00008000  00000068  00007f98  RW X


SEGMENT ALLOCATION MAP

run origin  load origin   length   init length attrs members
----------  ----------- ---------- ----------- ----- -------
00000000    00000000    00000bb0   00000bb0    r-x
  00000000    00000000    0000026c   0000026c    r-- .intvecs
  0000026c    0000026c    00000868   00000868    r-x .text
  00000ad4    00000ad4    000000dc   000000dc    r-- .const
20000000    20000000    00000068   00000000    rw-
  20000000    20000000    00000068   00000000    rw- .stack


SECTION ALLOCATION MAP

 output                                  attributes/
section   page    origin      length       input sections
--------  ----  ----------  ----------   ----------------
.intvecs   0    00000000    0000026c     
                  00000000    0000026c     tm4c123gh6pm_startup_ccs.obj (.intvecs)

.text      0    0000026c    00000868     
                  0000026c    0000017c     main.obj (.text)
                  000003e8    00000132     driverlib.lib : gpio.obj (.text:GPIOPadConfigSet)
                  0000051a    00000002     --HOLE-- [fill = 0]
                  0000051c    00000110                   : sysctl.obj (.text:SysCtlClockGet)
                  0000062c    000000fc     rtsv7M4_T_le_v4SPD16_eabi.lib : fd_mul_t2.asm.obj (.text)
                  00000728    000000f4     driverlib.lib : sysctl.obj (.text:SysCtlClockSet)
                  0000081c    00000068                   : interrupt.obj (.text:IntEnable)
                  00000884    00000060                   : timer.obj (.text:TimerConfigure)
                  000008e4    00000056                   : gpio.obj (.text:GPIOIntTypeSet)
                  0000093a    00000044     rtsv7M4_T_le_v4SPD16_eabi.lib : fd_tou_t2.asm.obj (.text)
                  0000097e    00000002     --HOLE-- [fill = 0]
                  00000980    00000034     driverlib.lib : sysctl.obj (.text:SysCtlPeripheralEnable)
                  000009b4    0000002c     rtsv7M4_T_le_v4SPD16_eabi.lib : boot_cortex_m.c.obj (.text:_c_int00_noinit_noargs:_c_int00_noinit_noargs)
                  000009e0    0000002a     driverlib.lib : gpio.obj (.text:GPIODirModeSet)
                  00000a0a    00000020     rtsv7M4_T_le_v4SPD16_eabi.lib : u_tofd_t2.asm.obj (.text)
                  00000a2a    00000018     driverlib.lib : gpio.obj (.text:GPIOPinTypeGPIOOutput)
                  00000a42    00000012                   : gpio.obj (.text:GPIOPinTypeGPIOInput)
                  00000a54    00000012                   : timer.obj (.text:TimerLoadSet)
                  00000a66    00000010                   : interrupt.obj (.text:IntMasterEnable)
                  00000a76    0000000e                   : timer.obj (.text:TimerEnable)
                  00000a84    0000000c                   : cpu.obj (.text:CPUcpsie)
                  00000a90    0000000c                   : gpio.obj (.text:GPIOIntEnable)
                  00000a9c    0000000c     tm4c123gh6pm_startup_ccs.obj (.text)
                  00000aa8    00000008     driverlib.lib : timer.obj (.text:TimerIntEnable)
                  00000ab0    00000006                   : gpio.obj (.text:GPIOIntClear)
                  00000ab6    00000006                   : gpio.obj (.text:GPIOPinRead)
                  00000abc    00000006                   : gpio.obj (.text:GPIOPinWrite)
                  00000ac2    00000006                   : sysctl.obj (.text:SysCtlDelay)
                  00000ac8    00000004                   : timer.obj (.text:TimerIntClear)
                  00000acc    00000004     rtsv7M4_T_le_v4SPD16_eabi.lib : pre_init.c.obj (.text:_system_pre_init)
                  00000ad0    00000004                                   : exit.c.obj (.text:abort:abort)

.const     0    00000ad4    000000dc     
                  00000ad4    00000070     driverlib.lib : interrupt.obj (.const)
                  00000b44    0000006c                   : sysctl.obj (.const:g_pui32Xtals)

.cinit     0    00000000    00000000     UNINITIALIZED

.init_array 
*          0    00000000    00000000     UNINITIALIZED

.stack     0    20000000    00000068     UNINITIALIZED
                  20000000    00000004     rtsv7M4_T_le_v4SPD16_eabi.lib : boot_cortex_m.c.obj (.stack)
                  20000004    00000064     --HOLE--

MODULE SUMMARY

       Module                         code   ro data   rw data
       ------                         ----   -------   -------
    .\
       tm4c123gh6pm_startup_ccs.obj   12     620       0      
       main.obj                       380    0         0      
    +--+------------------------------+------+---------+---------+
       Total:                         392    620       0      
                                                              
    C:/ti/tivaware_c_series_2_1_4_178/driverlib/ccs/Debug/driverlib.lib
       sysctl.obj                     574    108       0      
       gpio.obj                       506    0         0      
       interrupt.obj                  120    112       0      
       timer.obj                      140    0         0      
       cpu.obj                        12     0         0      
    +--+------------------------------+------+---------+---------+
       Total:                         1352   220       0      
                                                              
    C:\ti\ccs910\ccs\tools\compiler\ti-cgt-arm_18.12.2.LTS\lib\rtsv7M4_T_le_v4SPD16_eabi.lib
       fd_mul_t2.asm.obj              252    0         0      
       fd_tou_t2.asm.obj              68     0         0      
       boot_cortex_m.c.obj            44     0         0      
       u_tofd_t2.asm.obj              32     0         0      
       exit.c.obj                     4      0         0      
       pre_init.c.obj                 4      0         0      
    +--+------------------------------+------+---------+---------+
       Total:                         404    0         0      
                                                              
       Stack:                         0      0         104    
    +--+------------------------------+------+---------+---------+
       Grand Total:                   2148   840       104    


GLOBAL SYMBOLS: SORTED ALPHABETICALLY BY Name 

address   name                  
-------   ----                  
00000ad1  C$$EXIT               
00000a85  CPUcpsie              
000009e1  GPIODirModeSet        
00000ab1  GPIOIntClear          
00000a91  GPIOIntEnable         
000008e5  GPIOIntTypeSet        
000003e9  GPIOPadConfigSet      
00000ab7  GPIOPinRead           
00000a43  GPIOPinTypeGPIOInput  
00000a2b  GPIOPinTypeGPIOOutput 
00000abd  GPIOPinWrite          
0000081d  IntEnable             
00000a67  IntMasterEnable       
0000037f  Pin4InterruptHandler  
00000a9d  ResetISR              
0000051d  SysCtlClockGet        
00000729  SysCtlClockSet        
00000ac3  SysCtlDelay           
00000981  SysCtlPeripheralEnable
000002e3  Timer0IntHandler      
0000035b  Timer1IntHandler      
00000885  TimerConfigure        
00000a77  TimerEnable           
00000ac9  TimerIntClear         
00000aa9  TimerIntEnable        
00000a55  TimerLoadSet          
20000068  __STACK_END           
00000068  __STACK_SIZE          
20000200  __STACK_TOP           
ffffffff  __TI_pprof_out_hndl   
ffffffff  __TI_prof_data_size   
ffffffff  __TI_prof_data_start  
00000000  __TI_static_base__    
0000093b  __aeabi_d2uiz         
0000062d  __aeabi_dmul          
00000a0b  __aeabi_ui2d          
ffffffff  __binit__             
ffffffff  __c_args__            
UNDEFED   __mpu_init            
20000000  __stack               
000009b5  _c_int00_noinit_noargs
00000acd  _system_pre_init      
00000ad1  abort                 
ffffffff  binit                 
00000000  g_pfnVectors          
0000026d  main                  


GLOBAL SYMBOLS: SORTED BY Symbol Address 

address   name                  
-------   ----                  
00000000  __TI_static_base__    
00000000  g_pfnVectors          
00000068  __STACK_SIZE          
0000026d  main                  
000002e3  Timer0IntHandler      
0000035b  Timer1IntHandler      
0000037f  Pin4InterruptHandler  
000003e9  GPIOPadConfigSet      
0000051d  SysCtlClockGet        
0000062d  __aeabi_dmul          
00000729  SysCtlClockSet        
0000081d  IntEnable             
00000885  TimerConfigure        
000008e5  GPIOIntTypeSet        
0000093b  __aeabi_d2uiz         
00000981  SysCtlPeripheralEnable
000009b5  _c_int00_noinit_noargs
000009e1  GPIODirModeSet        
00000a0b  __aeabi_ui2d          
00000a2b  GPIOPinTypeGPIOOutput 
00000a43  GPIOPinTypeGPIOInput  
00000a55  TimerLoadSet          
00000a67  IntMasterEnable       
00000a77  TimerEnable           
00000a85  CPUcpsie              
00000a91  GPIOIntEnable         
00000a9d  ResetISR              
00000aa9  TimerIntEnable        
00000ab1  GPIOIntClear          
00000ab7  GPIOPinRead           
00000abd  GPIOPinWrite          
00000ac3  SysCtlDelay           
00000ac9  TimerIntClear         
00000acd  _system_pre_init      
00000ad1  C$$EXIT               
00000ad1  abort                 
20000000  __stack               
20000068  __STACK_END           
20000200  __STACK_TOP           
ffffffff  __TI_pprof_out_hndl   
ffffffff  __TI_prof_data_size   
ffffffff  __TI_prof_data_start  
ffffffff  __binit__             
ffffffff  __c_args__            
ffffffff  binit                 
UNDEFED   __mpu_init            

[46 symbols]
