******************************************************************************
                  TI ARM Linker PC v18.12.2                    
******************************************************************************
>> Linked Tue Oct  1 22:21:50 2019

OUTPUT FILE NAME:   <lab5.out>
ENTRY POINT SYMBOL: "_c_int00_noargs"  address: 00000a7d


MEMORY CONFIGURATION

         name            origin    length      used     unused   attr    fill
----------------------  --------  ---------  --------  --------  ----  --------
  FLASH                 00000000   00040000  00000d20  0003f2e0  R  X
  SRAM                  20000000   00008000  00000074  00007f8c  RW X


SEGMENT ALLOCATION MAP

run origin  load origin   length   init length attrs members
----------  ----------- ---------- ----------- ----- -------
00000000    00000000    00000d24   00000d24    r-x
  00000000    00000000    0000026c   0000026c    r-- .intvecs
  0000026c    0000026c    000009c4   000009c4    r-x .text
  00000c30    00000c30    000000dc   000000dc    r-- .const
  00000d10    00000d10    00000014   00000014    r-- .cinit
20000000    20000000    00000074   00000000    rw-
  20000000    20000000    00000068   00000000    rw- .stack
  20000068    20000068    0000000c   00000000    rw- .bss


SECTION ALLOCATION MAP

 output                                  attributes/
section   page    origin      length       input sections
--------  ----  ----------  ----------   ----------------
.intvecs   0    00000000    0000026c     
                  00000000    0000026c     tm4c123gh6pm_startup_ccs.obj (.intvecs)

.text      0    0000026c    000009c4     
                  0000026c    0000018c     main.obj (.text)
                  000003f8    00000132     driverlib.lib : gpio.obj (.text:GPIOPadConfigSet)
                  0000052a    00000002     --HOLE-- [fill = 0]
                  0000052c    00000110                   : sysctl.obj (.text:SysCtlClockGet)
                  0000063c    000000fc     rtsv7M4_T_le_v4SPD16_eabi.lib : fd_mul_t2.asm.obj (.text)
                  00000738    000000f4     driverlib.lib : sysctl.obj (.text:SysCtlClockSet)
                  0000082c    0000007a                   : adc.obj (.text:ADCSequenceStepConfigure)
                  000008a6    00000002     --HOLE-- [fill = 0]
                  000008a8    00000068                   : interrupt.obj (.text:IntEnable)
                  00000910    00000060                   : timer.obj (.text:TimerConfigure)
                  00000970    00000050                   : adc.obj (.text:ADCSequenceConfigure)
                  000009c0    00000044     rtsv7M4_T_le_v4SPD16_eabi.lib : autoinit.c.obj (.text:__TI_auto_init_nobinit_nopinit:__TI_auto_init_nobinit_nopinit)
                  00000a04    00000044                                   : fd_tou_t2.asm.obj (.text)
                  00000a48    00000034     driverlib.lib : sysctl.obj (.text:SysCtlPeripheralEnable)
                  00000a7c    00000034     rtsv7M4_T_le_v4SPD16_eabi.lib : boot_cortex_m.c.obj (.text:_c_int00_noargs:_c_int00_noargs)
                  00000ab0    0000002e     driverlib.lib : adc.obj (.text:ADCIntStatus)
                  00000ade    0000002a                   : gpio.obj (.text:GPIODirModeSet)
                  00000b08    00000020     rtsv7M4_T_le_v4SPD16_eabi.lib : u_tofd_t2.asm.obj (.text)
                  00000b28    0000001e     driverlib.lib : adc.obj (.text:ADCSequenceDataGet)
                  00000b46    0000001c     rtsv7M4_T_le_v4SPD16_eabi.lib : copy_zero_init.c.obj (.text:decompress:ZI:__TI_zero_init_nomemset:__TI_zero_init_nomemset)
                  00000b62    00000018     driverlib.lib : adc.obj (.text:ADCProcessorTrigger)
                  00000b7a    00000018                   : gpio.obj (.text:GPIOPinTypeGPIOOutput)
                  00000b92    00000012                   : timer.obj (.text:TimerLoadSet)
                  00000ba4    00000010                   : adc.obj (.text:ADCIntEnable)
                  00000bb4    00000010                   : interrupt.obj (.text:IntMasterEnable)
                  00000bc4    0000000e                   : adc.obj (.text:ADCHardwareOversampleConfigure)
                  00000bd2    0000000e                   : adc.obj (.text:ADCSequenceEnable)
                  00000be0    0000000e                   : timer.obj (.text:TimerEnable)
                  00000bee    0000000c                   : cpu.obj (.text:CPUcpsie)
                  00000bfa    0000000c     tm4c123gh6pm_startup_ccs.obj (.text)
                  00000c06    0000000a     driverlib.lib : adc.obj (.text:ADCIntClear)
                  00000c10    00000008                   : timer.obj (.text:TimerIntEnable)
                  00000c18    00000006                   : gpio.obj (.text:GPIOPinWrite)
                  00000c1e    00000006                   : sysctl.obj (.text:SysCtlDelay)
                  00000c24    00000004                   : timer.obj (.text:TimerIntClear)
                  00000c28    00000004     rtsv7M4_T_le_v4SPD16_eabi.lib : pre_init.c.obj (.text:_system_pre_init)
                  00000c2c    00000004                                   : exit.c.obj (.text:abort:abort)

.const     0    00000c30    000000dc     
                  00000c30    00000070     driverlib.lib : interrupt.obj (.const)
                  00000ca0    0000006c                   : sysctl.obj (.const:g_pui32Xtals)

.cinit     0    00000d10    00000014     
                  00000d10    00000008     (.cinit..bss.load) [load image, compression = zero_init]
                  00000d18    00000004     (__TI_handler_table)
                  00000d1c    00000008     (__TI_cinit_table)

.init_array 
*          0    00000000    00000000     UNINITIALIZED

.bss       0    20000068    0000000c     UNINITIALIZED
                  20000068    00000004     (.common:ui32ADC0Value)
                  2000006c    00000004     (.common:ui32TempValueC)
                  20000070    00000004     (.common:ui32TempValueF)

.stack     0    20000000    00000068     UNINITIALIZED
                  20000000    00000004     rtsv7M4_T_le_v4SPD16_eabi.lib : boot_cortex_m.c.obj (.stack)
                  20000004    00000064     --HOLE--

MODULE SUMMARY

       Module                         code   ro data   rw data
       ------                         ----   -------   -------
    .\
       tm4c123gh6pm_startup_ccs.obj   12     620       0      
       main.obj                       396    0         12     
    +--+------------------------------+------+---------+---------+
       Total:                         408    620       12     
                                                              
    C:/ti/tivaware_c_series_2_1_4_178/driverlib/ccs/Debug/driverlib.lib
       sysctl.obj                     574    108       0      
       gpio.obj                       378    0         0      
       adc.obj                        356    0         0      
       interrupt.obj                  120    112       0      
       timer.obj                      140    0         0      
       cpu.obj                        12     0         0      
    +--+------------------------------+------+---------+---------+
       Total:                         1580   220       0      
                                                              
    C:\ti\ccs910\ccs\tools\compiler\ti-cgt-arm_18.12.2.LTS\lib\rtsv7M4_T_le_v4SPD16_eabi.lib
       fd_mul_t2.asm.obj              252    0         0      
       autoinit.c.obj                 68     0         0      
       fd_tou_t2.asm.obj              68     0         0      
       boot_cortex_m.c.obj            52     0         0      
       u_tofd_t2.asm.obj              32     0         0      
       copy_zero_init.c.obj           28     0         0      
       exit.c.obj                     4      0         0      
       pre_init.c.obj                 4      0         0      
    +--+------------------------------+------+---------+---------+
       Total:                         508    0         0      
                                                              
       Stack:                         0      0         104    
       Linker Generated:              0      20        0      
    +--+------------------------------+------+---------+---------+
       Grand Total:                   2496   860       116    


LINKER GENERATED COPY TABLES

__TI_cinit_table @ 00000d1c records: 1, size/record: 8, table size: 8
	.bss: load addr=00000d10, load size=00000008 bytes, run addr=20000068, run size=0000000c bytes, compression=zero_init


LINKER GENERATED HANDLER TABLE

__TI_handler_table @ 00000d18 records: 1, size/record: 4, table size: 4
	index: 0, handler: __TI_zero_init


GLOBAL SYMBOLS: SORTED ALPHABETICALLY BY Name 

address   name                          
-------   ----                          
00000bc5  ADCHardwareOversampleConfigure
00000c07  ADCIntClear                   
00000ba5  ADCIntEnable                  
00000ab1  ADCIntStatus                  
00000b63  ADCProcessorTrigger           
00000971  ADCSequenceConfigure          
00000b29  ADCSequenceDataGet            
00000bd3  ADCSequenceEnable             
0000082d  ADCSequenceStepConfigure      
00000c2d  C$$EXIT                       
00000bef  CPUcpsie                      
00000adf  GPIODirModeSet                
000003f9  GPIOPadConfigSet              
00000b7b  GPIOPinTypeGPIOOutput         
00000c19  GPIOPinWrite                  
000008a9  IntEnable                     
00000bb5  IntMasterEnable               
00000bfb  ResetISR                      
0000052d  SysCtlClockGet                
00000739  SysCtlClockSet                
00000c1f  SysCtlDelay                   
00000a49  SysCtlPeripheralEnable        
0000030d  Timer1IntHandler              
00000911  TimerConfigure                
00000be1  TimerEnable                   
00000c25  TimerIntClear                 
00000c11  TimerIntEnable                
00000b93  TimerLoadSet                  
20000068  __STACK_END                   
00000068  __STACK_SIZE                  
20000200  __STACK_TOP                   
00000d1c  __TI_CINIT_Base               
00000d24  __TI_CINIT_Limit              
00000d18  __TI_Handler_Table_Base       
00000d1c  __TI_Handler_Table_Limit      
000009c1  __TI_auto_init_nobinit_nopinit
ffffffff  __TI_pprof_out_hndl           
ffffffff  __TI_prof_data_size           
ffffffff  __TI_prof_data_start          
00000000  __TI_static_base__            
00000b47  __TI_zero_init_nomemset       
00000a05  __aeabi_d2uiz                 
0000063d  __aeabi_dmul                  
00000b09  __aeabi_ui2d                  
ffffffff  __binit__                     
ffffffff  __c_args__                    
UNDEFED   __mpu_init                    
20000000  __stack                       
00000a7d  _c_int00_noargs               
UNDEFED   _system_post_cinit            
00000c29  _system_pre_init              
00000c2d  abort                         
ffffffff  binit                         
00000000  g_pfnVectors                  
00000279  main                          
20000068  ui32ADC0Value                 
2000006c  ui32TempValueC                
20000070  ui32TempValueF                
0000026d  void__error__                 


GLOBAL SYMBOLS: SORTED BY Symbol Address 

address   name                          
-------   ----                          
00000000  __TI_static_base__            
00000000  g_pfnVectors                  
00000068  __STACK_SIZE                  
0000026d  void__error__                 
00000279  main                          
0000030d  Timer1IntHandler              
000003f9  GPIOPadConfigSet              
0000052d  SysCtlClockGet                
0000063d  __aeabi_dmul                  
00000739  SysCtlClockSet                
0000082d  ADCSequenceStepConfigure      
000008a9  IntEnable                     
00000911  TimerConfigure                
00000971  ADCSequenceConfigure          
000009c1  __TI_auto_init_nobinit_nopinit
00000a05  __aeabi_d2uiz                 
00000a49  SysCtlPeripheralEnable        
00000a7d  _c_int00_noargs               
00000ab1  ADCIntStatus                  
00000adf  GPIODirModeSet                
00000b09  __aeabi_ui2d                  
00000b29  ADCSequenceDataGet            
00000b47  __TI_zero_init_nomemset       
00000b63  ADCProcessorTrigger           
00000b7b  GPIOPinTypeGPIOOutput         
00000b93  TimerLoadSet                  
00000ba5  ADCIntEnable                  
00000bb5  IntMasterEnable               
00000bc5  ADCHardwareOversampleConfigure
00000bd3  ADCSequenceEnable             
00000be1  TimerEnable                   
00000bef  CPUcpsie                      
00000bfb  ResetISR                      
00000c07  ADCIntClear                   
00000c11  TimerIntEnable                
00000c19  GPIOPinWrite                  
00000c1f  SysCtlDelay                   
00000c25  TimerIntClear                 
00000c29  _system_pre_init              
00000c2d  C$$EXIT                       
00000c2d  abort                         
00000d18  __TI_Handler_Table_Base       
00000d1c  __TI_CINIT_Base               
00000d1c  __TI_Handler_Table_Limit      
00000d24  __TI_CINIT_Limit              
20000000  __stack                       
20000068  __STACK_END                   
20000068  ui32ADC0Value                 
2000006c  ui32TempValueC                
20000070  ui32TempValueF                
20000200  __STACK_TOP                   
ffffffff  __TI_pprof_out_hndl           
ffffffff  __TI_prof_data_size           
ffffffff  __TI_prof_data_start          
ffffffff  __binit__                     
ffffffff  __c_args__                    
ffffffff  binit                         
UNDEFED   __mpu_init                    
UNDEFED   _system_post_cinit            

[59 symbols]
